<?xml version="1.0" encoding="utf-8"?>
<TestRun id="6b701e40-3874-4d02-9d30-d15a7b408f7a" name="@pkrvmqc4gcfdwos 2025-08-22 20:37:10" xmlns="http://microsoft.com/schemas/VisualStudio/TeamTest/2010">
  <Times creation="2025-08-22T20:37:10.5108008+00:00" queuing="2025-08-22T20:37:10.5108009+00:00" start="2025-08-22T20:37:09.7612737+00:00" finish="2025-08-22T20:37:12.2279824+00:00" />
  <TestSettings name="default" id="1d87acc3-e279-47be-a081-13e45428534a">
    <Deployment runDeploymentRoot="_pkrvmqc4gcfdwos_2025-08-22_20_37_10" />
  </TestSettings>
  <Results>
    <UnitTestResult executionId="978fba0e-d616-44d0-85e4-34ea7086062f" testId="9fb27429-2e5b-c1a5-586b-a38199a8345b" testName="ManagedCode.Communication.Tests.AspNetCore.Extensions.ControllerExtensionsTests.ToHttpResult_WithNullValue_HandlesGracefully" computerName="pkrvmqc4gcfdwos" duration="00:00:00.0002153" startTime="2025-08-22T20:37:10.4866395+00:00" endTime="2025-08-22T20:37:10.4867710+00:00" testType="13cdc9d9-ddb5-4fa4-a97d-d965ccfc6d4b" outcome="Passed" testListId="8c84fa94-04c1-424b-9868-57a2d4851a1d" relativeResultsDirectory="978fba0e-d616-44d0-85e4-34ea7086062f" />
    <UnitTestResult executionId="b1cf6526-2fd4-438f-a127-955a1dc1058f" testId="84853a77-193c-be7b-a6c8-566bcbdc46e5" testName="ManagedCode.Communication.Tests.AspNetCore.Extensions.ControllerExtensionsTests.ToActionResult_WithVariousStatusCodes_ReturnsCorrectStatusCode(statusCode: 409, title: &quot;Conflict&quot;)" computerName="pkrvmqc4gcfdwos" duration="00:00:00.0001863" startTime="2025-08-22T20:37:10.4341302+00:00" endTime="2025-08-22T20:37:10.4342423+00:00" testType="13cdc9d9-ddb5-4fa4-a97d-d965ccfc6d4b" outcome="Passed" testListId="8c84fa94-04c1-424b-9868-57a2d4851a1d" relativeResultsDirectory="b1cf6526-2fd4-438f-a127-955a1dc1058f" />
    <UnitTestResult executionId="24f613b5-dcda-42f3-a349-62f9422dcc9a" testId="03803b69-013e-45b2-64bc-f738fc9a09c2" testName="ManagedCode.Communication.Tests.AspNetCore.Extensions.ControllerExtensionsTests.ToActionResult_WithSuccessResult_ReturnsOkObjectResult" computerName="pkrvmqc4gcfdwos" duration="00:00:00.0009820" startTime="2025-08-22T20:37:10.4811392+00:00" endTime="2025-08-22T20:37:10.4858299+00:00" testType="13cdc9d9-ddb5-4fa4-a97d-d965ccfc6d4b" outcome="Passed" testListId="8c84fa94-04c1-424b-9868-57a2d4851a1d" relativeResultsDirectory="24f613b5-dcda-42f3-a349-62f9422dcc9a" />
    <UnitTestResult executionId="8e00d8fb-8668-4923-88a9-6cff0a41f0c9" testId="3fc0a61d-0537-a068-dc4c-e9f48287e808" testName="ManagedCode.Communication.Tests.AspNetCore.Extensions.ControllerExtensionsTests.ToActionResult_WithValidationError_Returns400WithProblemDetails" computerName="pkrvmqc4gcfdwos" duration="00:00:00.0002541" startTime="2025-08-22T20:37:10.4788871+00:00" endTime="2025-08-22T20:37:10.4790518+00:00" testType="13cdc9d9-ddb5-4fa4-a97d-d965ccfc6d4b" outcome="Passed" testListId="8c84fa94-04c1-424b-9868-57a2d4851a1d" relativeResultsDirectory="8e00d8fb-8668-4923-88a9-6cff0a41f0c9" />
    <UnitTestResult executionId="c9b4a6b0-424e-47a6-bd5c-2b1e0c209484" testId="ca91a9e0-6fc0-a317-fd3a-6f5ade651c3e" testName="ManagedCode.Communication.Tests.AspNetCore.Extensions.ControllerExtensionsTests.ToActionResult_WithSuccessResultNoValue_ReturnsNoContent" computerName="pkrvmqc4gcfdwos" duration="00:00:00.0005315" startTime="2025-08-22T20:37:10.4798063+00:00" endTime="2025-08-22T20:37:10.4799459+00:00" testType="13cdc9d9-ddb5-4fa4-a97d-d965ccfc6d4b" outcome="Passed" testListId="8c84fa94-04c1-424b-9868-57a2d4851a1d" relativeResultsDirectory="c9b4a6b0-424e-47a6-bd5c-2b1e0c209484" />
    <UnitTestResult executionId="dddd46e2-fb54-4023-9f25-a089edcf34d6" testId="7f739289-fb83-39f7-cc97-e031b49032de" testName="ManagedCode.Communication.Tests.AspNetCore.Extensions.ControllerExtensionsTests.ToActionResult_WithVariousStatusCodes_ReturnsCorrectStatusCode(statusCode: 404, title: &quot;Not Found&quot;)" computerName="pkrvmqc4gcfdwos" duration="00:00:00.0000102" startTime="2025-08-22T20:37:10.4348414+00:00" endTime="2025-08-22T20:37:10.4349653+00:00" testType="13cdc9d9-ddb5-4fa4-a97d-d965ccfc6d4b" outcome="Passed" testListId="8c84fa94-04c1-424b-9868-57a2d4851a1d" relativeResultsDirectory="dddd46e2-fb54-4023-9f25-a089edcf34d6" />
    <UnitTestResult executionId="68f9c541-48cb-4205-9648-ae5e676086be" testId="db5cf356-60bc-24eb-7ebd-eedff3a8292a" testName="ManagedCode.Communication.Tests.AspNetCore.Extensions.ControllerExtensionsTests.ToActionResult_WithFailedResult_ReturnsCorrectStatusCode" computerName="pkrvmqc4gcfdwos" duration="00:00:00.0003330" startTime="2025-08-22T20:37:10.4784722+00:00" endTime="2025-08-22T20:37:10.4785967+00:00" testType="13cdc9d9-ddb5-4fa4-a97d-d965ccfc6d4b" outcome="Passed" testListId="8c84fa94-04c1-424b-9868-57a2d4851a1d" relativeResultsDirectory="68f9c541-48cb-4205-9648-ae5e676086be" />
    <UnitTestResult executionId="2f14f8c0-5682-4117-9fca-e3d14deec9be" testId="ae8bdbb0-e445-3041-c219-15ee192365d2" testName="ManagedCode.Communication.Tests.AspNetCore.Extensions.ServiceCollectionExtensionsTests.Communication_Should_Handle_Empty_Collections" computerName="pkrvmqc4gcfdwos" duration="00:00:00.0043730" startTime="2025-08-22T20:37:12.0230292+00:00" endTime="2025-08-22T20:37:12.0274368+00:00" testType="13cdc9d9-ddb5-4fa4-a97d-d965ccfc6d4b" outcome="Passed" testListId="8c84fa94-04c1-424b-9868-57a2d4851a1d" relativeResultsDirectory="2f14f8c0-5682-4117-9fca-e3d14deec9be" />
    <UnitTestResult executionId="480f88c9-d87a-4df5-b65b-e3021e585883" testId="353ee2b3-8223-ee2f-da86-858af32e4ee1" testName="ManagedCode.Communication.Tests.AspNetCore.Extensions.ServiceCollectionExtensionsTests.Communication_Should_Reject_Invalid_Model" computerName="pkrvmqc4gcfdwos" duration="00:00:00.0611365" startTime="2025-08-22T20:37:11.9432940+00:00" endTime="2025-08-22T20:37:12.0048043+00:00" testType="13cdc9d9-ddb5-4fa4-a97d-d965ccfc6d4b" outcome="Passed" testListId="8c84fa94-04c1-424b-9868-57a2d4851a1d" relativeResultsDirectory="480f88c9-d87a-4df5-b65b-e3021e585883" />
    <UnitTestResult executionId="bdca6c71-f966-4850-8d1c-9222048067c4" testId="df4e7918-47c1-9f81-c5c6-ccb3731090e4" testName="ManagedCode.Communication.Tests.AspNetCore.Extensions.HubOptionsExtensionsTests.AddCommunicationHubFilter_AddsFilterFromServiceProvider" computerName="pkrvmqc4gcfdwos" duration="00:00:00.0271096" startTime="2025-08-22T20:37:10.4857202+00:00" endTime="2025-08-22T20:37:10.4886000+00:00" testType="13cdc9d9-ddb5-4fa4-a97d-d965ccfc6d4b" outcome="Passed" testListId="8c84fa94-04c1-424b-9868-57a2d4851a1d" relativeResultsDirectory="bdca6c71-f966-4850-8d1c-9222048067c4" />
    <UnitTestResult executionId="6953b35d-fefe-4edb-bb29-e89beea9a3a8" testId="c7ef02bf-2396-4de8-1185-78ff54ff8aab" testName="ManagedCode.Communication.Tests.AspNetCore.Extensions.ServiceCollectionExtensionsTests.Communication_Should_Handle_Failed_Result" computerName="pkrvmqc4gcfdwos" duration="00:00:00.0028500" startTime="2025-08-22T20:37:12.0409475+00:00" endTime="2025-08-22T20:37:12.0439495+00:00" testType="13cdc9d9-ddb5-4fa4-a97d-d965ccfc6d4b" outcome="Passed" testListId="8c84fa94-04c1-424b-9868-57a2d4851a1d" relativeResultsDirectory="6953b35d-fefe-4edb-bb29-e89beea9a3a8" />
    <UnitTestResult executionId="cd39e4fe-25bc-450c-8234-b9aee4c77f35" testId="7b410867-8a35-21b9-5a79-1e606c5e1d67" testName="ManagedCode.Communication.Tests.AspNetCore.Extensions.ServiceCollectionExtensionsTests.Communication_Should_Handle_Exceptions" computerName="pkrvmqc4gcfdwos" duration="00:00:00.0112140" startTime="2025-08-22T20:37:12.0113509+00:00" endTime="2025-08-22T20:37:12.0227285+00:00" testType="13cdc9d9-ddb5-4fa4-a97d-d965ccfc6d4b" outcome="Passed" testListId="8c84fa94-04c1-424b-9868-57a2d4851a1d" relativeResultsDirectory="cd39e4fe-25bc-450c-8234-b9aee4c77f35" />
    <UnitTestResult executionId="ed4ebaf7-f128-4179-b9cb-3283b212afb2" testId="2eb8f298-9b5e-9d71-3c50-8115dbbb5361" testName="ManagedCode.Communication.Tests.AspNetCore.Extensions.HubOptionsExtensionsTests.AddCommunicationHubFilter_ThrowsWhenFilterNotRegistered" computerName="pkrvmqc4gcfdwos" duration="00:00:00.0249376" startTime="2025-08-22T20:37:10.4326536+00:00" endTime="2025-08-22T20:37:10.4812570+00:00" testType="13cdc9d9-ddb5-4fa4-a97d-d965ccfc6d4b" outcome="Passed" testListId="8c84fa94-04c1-424b-9868-57a2d4851a1d" relativeResultsDirectory="ed4ebaf7-f128-4179-b9cb-3283b212afb2" />
    <UnitTestResult executionId="0fb54548-7e37-42ff-8d2d-c613a050d450" testId="bcb6a2c1-7c43-e2d1-68fb-4752e36bef88" testName="ManagedCode.Communication.Tests.AspNetCore.Extensions.ServiceCollectionExtensionsTests.Communication_Should_Handle_Successful_Result" computerName="pkrvmqc4gcfdwos" duration="00:00:00.0043207" startTime="2025-08-22T20:37:12.0442571+00:00" endTime="2025-08-22T20:37:12.0485925+00:00" testType="13cdc9d9-ddb5-4fa4-a97d-d965ccfc6d4b" outcome="Passed" testListId="8c84fa94-04c1-424b-9868-57a2d4851a1d" relativeResultsDirectory="0fb54548-7e37-42ff-8d2d-c613a050d450" />
    <UnitTestResult executionId="94785f7a-3c60-4a0d-a81b-960a01b35076" testId="a9c4348a-f7cc-abf4-413a-fc58753695f7" testName="ManagedCode.Communication.Tests.AspNetCore.Extensions.ControllerExtensionsTests.ToHttpResult_WithSuccessResultNoValue_ReturnsNoContent" computerName="pkrvmqc4gcfdwos" duration="00:00:00.0004490" startTime="2025-08-22T20:37:10.4861849+00:00" endTime="2025-08-22T20:37:10.4863139+00:00" testType="13cdc9d9-ddb5-4fa4-a97d-d965ccfc6d4b" outcome="Passed" testListId="8c84fa94-04c1-424b-9868-57a2d4851a1d" relativeResultsDirectory="94785f7a-3c60-4a0d-a81b-960a01b35076" />
    <UnitTestResult executionId="e6e7ce37-cc58-4ce9-b1f2-b63e83e54f72" testId="8a469a40-7454-6880-9e8d-7953fae79af1" testName="ManagedCode.Communication.Tests.AspNetCore.Extensions.ControllerExtensionsTests.ToActionResult_WithNoProblem_ReturnsDefaultError" computerName="pkrvmqc4gcfdwos" duration="00:00:00.0054538" startTime="2025-08-22T20:37:10.4186399+00:00" endTime="2025-08-22T20:37:10.4328207+00:00" testType="13cdc9d9-ddb5-4fa4-a97d-d965ccfc6d4b" outcome="Passed" testListId="8c84fa94-04c1-424b-9868-57a2d4851a1d" relativeResultsDirectory="e6e7ce37-cc58-4ce9-b1f2-b63e83e54f72" />
    <UnitTestResult executionId="875a2f44-2703-4384-9a12-320c36e3dc6f" testId="148b39b4-9949-c427-e52f-f445008acd77" testName="ManagedCode.Communication.Tests.AspNetCore.Extensions.ServiceCollectionExtensionsTests.Communication_Should_Handle_NotFound_Result" computerName="pkrvmqc4gcfdwos" duration="00:00:00.0088721" startTime="2025-08-22T20:37:12.0318232+00:00" endTime="2025-08-22T20:37:12.0407833+00:00" testType="13cdc9d9-ddb5-4fa4-a97d-d965ccfc6d4b" outcome="Passed" testListId="8c84fa94-04c1-424b-9868-57a2d4851a1d" relativeResultsDirectory="875a2f44-2703-4384-9a12-320c36e3dc6f" />
    <UnitTestResult executionId="53d8a4e0-d3cf-447e-ae5b-9ae2851c9d22" testId="7618dd2b-5be7-dea8-df8a-a052ad263dcb" testName="ManagedCode.Communication.Tests.AspNetCore.Extensions.ControllerExtensionsTests.ToHttpResult_WithFailedResult_ReturnsProblemResult" computerName="pkrvmqc4gcfdwos" duration="00:00:00.0027558" startTime="2025-08-22T20:37:10.4765102+00:00" endTime="2025-08-22T20:37:10.4781670+00:00" testType="13cdc9d9-ddb5-4fa4-a97d-d965ccfc6d4b" outcome="Passed" testListId="8c84fa94-04c1-424b-9868-57a2d4851a1d" relativeResultsDirectory="53d8a4e0-d3cf-447e-ae5b-9ae2851c9d22" />
    <UnitTestResult executionId="5f0fddc3-1098-40b4-90a4-6e1fda511cb5" testId="8bd92cbc-b4a1-3cf0-6835-cad5eb18c15d" testName="ManagedCode.Communication.Tests.AspNetCore.Extensions.ControllerExtensionsTests.ToActionResult_WithVariousStatusCodes_ReturnsCorrectStatusCode(statusCode: 422, title: &quot;Unprocessable Entity&quot;)" computerName="pkrvmqc4gcfdwos" duration="00:00:00.0005781" startTime="2025-08-22T20:37:10.4337120+00:00" endTime="2025-08-22T20:37:10.4338633+00:00" testType="13cdc9d9-ddb5-4fa4-a97d-d965ccfc6d4b" outcome="Passed" testListId="8c84fa94-04c1-424b-9868-57a2d4851a1d" relativeResultsDirectory="5f0fddc3-1098-40b4-90a4-6e1fda511cb5" />
    <UnitTestResult executionId="1f32bb8d-e35b-4aad-b854-81fffe59c741" testId="5b102866-ff04-b892-509a-5334bf755397" testName="ManagedCode.Communication.Tests.AspNetCore.Extensions.ControllerExtensionsTests.ToActionResult_WithVariousStatusCodes_ReturnsCorrectStatusCode(statusCode: 400, title: &quot;Bad Request&quot;)" computerName="pkrvmqc4gcfdwos" duration="00:00:00.0000086" startTime="2025-08-22T20:37:10.4351906+00:00" endTime="2025-08-22T20:37:10.4353248+00:00" testType="13cdc9d9-ddb5-4fa4-a97d-d965ccfc6d4b" outcome="Passed" testListId="8c84fa94-04c1-424b-9868-57a2d4851a1d" relativeResultsDirectory="1f32bb8d-e35b-4aad-b854-81fffe59c741" />
    <UnitTestResult executionId="5aac2b5a-7aa6-46cb-a844-6b53e2d57b28" testId="aca7dc08-e077-6336-11fb-2489a226e225" testName="ManagedCode.Communication.Tests.AspNetCore.Extensions.ControllerExtensionsTests.ToActionResult_WithVariousStatusCodes_ReturnsCorrectStatusCode(statusCode: 403, title: &quot;Forbidden&quot;)" computerName="pkrvmqc4gcfdwos" duration="00:00:00.0000122" startTime="2025-08-22T20:37:10.4758641+00:00" endTime="2025-08-22T20:37:10.4760210+00:00" testType="13cdc9d9-ddb5-4fa4-a97d-d965ccfc6d4b" outcome="Passed" testListId="8c84fa94-04c1-424b-9868-57a2d4851a1d" relativeResultsDirectory="5aac2b5a-7aa6-46cb-a844-6b53e2d57b28" />
    <UnitTestResult executionId="b27db02f-511e-4d05-a72b-f5a65923a92f" testId="7e95e31b-5cbf-f4bc-6b58-5c4878828fa0" testName="ManagedCode.Communication.Tests.AspNetCore.Extensions.ControllerExtensionsTests.ToHttpResult_WithComplexFailure_PreservesProblemDetails" computerName="pkrvmqc4gcfdwos" duration="00:00:00.0005677" startTime="2025-08-22T20:37:10.4793474+00:00" endTime="2025-08-22T20:37:10.4794992+00:00" testType="13cdc9d9-ddb5-4fa4-a97d-d965ccfc6d4b" outcome="Passed" testListId="8c84fa94-04c1-424b-9868-57a2d4851a1d" relativeResultsDirectory="b27db02f-511e-4d05-a72b-f5a65923a92f" />
    <UnitTestResult executionId="25411721-60f7-4855-a50e-ab068fafc929" testId="88f0c0b5-dc4a-4133-b95e-5ff2d41cf758" testName="ManagedCode.Communication.Tests.AspNetCore.Extensions.ControllerExtensionsTests.ToActionResult_WithVariousStatusCodes_ReturnsCorrectStatusCode(statusCode: 401, title: &quot;Unauthorized&quot;)" computerName="pkrvmqc4gcfdwos" duration="00:00:00.0000135" startTime="2025-08-22T20:37:10.4355607+00:00" endTime="2025-08-22T20:37:10.4356912+00:00" testType="13cdc9d9-ddb5-4fa4-a97d-d965ccfc6d4b" outcome="Passed" testListId="8c84fa94-04c1-424b-9868-57a2d4851a1d" relativeResultsDirectory="25411721-60f7-4855-a50e-ab068fafc929" />
    <UnitTestResult executionId="d2e7bd41-d471-4421-88b0-320e1a39038b" testId="f1ac5241-744a-004f-7a68-4b73cb2ee500" testName="ManagedCode.Communication.Tests.AspNetCore.Extensions.ServiceCollectionExtensionsTests.Communication_Should_Handle_Enum_Errors" computerName="pkrvmqc4gcfdwos" duration="00:00:00.0031797" startTime="2025-08-22T20:37:12.0487475+00:00" endTime="2025-08-22T20:37:12.0520990+00:00" testType="13cdc9d9-ddb5-4fa4-a97d-d965ccfc6d4b" outcome="Passed" testListId="8c84fa94-04c1-424b-9868-57a2d4851a1d" relativeResultsDirectory="d2e7bd41-d471-4421-88b0-320e1a39038b" />
    <UnitTestResult executionId="c987e27e-18a6-4a28-8da1-6d2a5e7104c1" testId="4628ea67-a850-c618-dd07-6b8c93867133" testName="ManagedCode.Communication.Tests.AspNetCore.Extensions.ServiceCollectionExtensionsTests.Communication_Should_Handle_Collection_Results" computerName="pkrvmqc4gcfdwos" duration="00:00:00.2785208" startTime="2025-08-22T20:37:11.6614082+00:00" endTime="2025-08-22T20:37:11.9422038+00:00" testType="13cdc9d9-ddb5-4fa4-a97d-d965ccfc6d4b" outcome="Passed" testListId="8c84fa94-04c1-424b-9868-57a2d4851a1d" relativeResultsDirectory="c987e27e-18a6-4a28-8da1-6d2a5e7104c1" />
    <UnitTestResult executionId="9f356709-09a5-4bca-9309-78a57a8d3e7b" testId="09a23f90-ebf0-0444-a58c-9c7e3ea1e9e8" testName="ManagedCode.Communication.Tests.AspNetCore.Extensions.ControllerExtensionsTests.ToHttpResult_WithSuccessResult_ReturnsOkResult" computerName="pkrvmqc4gcfdwos" duration="00:00:00.0006601" startTime="2025-08-22T20:37:10.4806861+00:00" endTime="2025-08-22T20:37:10.4808057+00:00" testType="13cdc9d9-ddb5-4fa4-a97d-d965ccfc6d4b" outcome="Passed" testListId="8c84fa94-04c1-424b-9868-57a2d4851a1d" relativeResultsDirectory="9f356709-09a5-4bca-9309-78a57a8d3e7b" />
    <UnitTestResult executionId="af636837-0208-47df-8334-93e5da701492" testId="792fafb6-8218-3fb7-1745-cee38069f92a" testName="ManagedCode.Communication.Tests.AspNetCore.Extensions.HubOptionsExtensionsTests.AddCommunicationHubFilter_WithNullServiceProvider_ThrowsArgumentNullException" computerName="pkrvmqc4gcfdwos" duration="00:00:00.0133266" startTime="2025-08-22T20:37:10.3986053+00:00" endTime="2025-08-22T20:37:10.4192823+00:00" testType="13cdc9d9-ddb5-4fa4-a97d-d965ccfc6d4b" outcome="Passed" testListId="8c84fa94-04c1-424b-9868-57a2d4851a1d" relativeResultsDirectory="af636837-0208-47df-8334-93e5da701492" />
    <UnitTestResult executionId="eb685f45-0de3-4016-9ae2-a5396bebf471" testId="df5d6f80-47b6-1dba-6191-9a36b85a07e0" testName="ManagedCode.Communication.Tests.AspNetCore.Extensions.ControllerExtensionsTests.ToActionResult_WithComplexObject_ReturnsCorrectValue" computerName="pkrvmqc4gcfdwos" duration="00:00:00.0133792" startTime="2025-08-22T20:37:10.4802771+00:00" endTime="2025-08-22T20:37:10.4803920+00:00" testType="13cdc9d9-ddb5-4fa4-a97d-d965ccfc6d4b" outcome="Passed" testListId="8c84fa94-04c1-424b-9868-57a2d4851a1d" relativeResultsDirectory="eb685f45-0de3-4016-9ae2-a5396bebf471" />
    <UnitTestResult executionId="d032399a-4017-4228-bf0a-31a78c7f1711" testId="b2e97849-9fd5-473a-c64e-60a1b38c0a1b" testName="ManagedCode.Communication.Tests.AspNetCore.Extensions.ControllerExtensionsTests.ToActionResult_WithVariousStatusCodes_ReturnsCorrectStatusCode(statusCode: 500, title: &quot;Internal Server Error&quot;)" computerName="pkrvmqc4gcfdwos" duration="00:00:00.0000266" startTime="2025-08-22T20:37:10.4344618+00:00" endTime="2025-08-22T20:37:10.4345976+00:00" testType="13cdc9d9-ddb5-4fa4-a97d-d965ccfc6d4b" outcome="Passed" testListId="8c84fa94-04c1-424b-9868-57a2d4851a1d" relativeResultsDirectory="d032399a-4017-4228-bf0a-31a78c7f1711" />
    <UnitTestResult executionId="84ce1a2f-b7aa-4680-81c9-c2bec77394e5" testId="901cffbb-9bc0-db78-5288-2a4dc4c8cbb0" testName="ManagedCode.Communication.Tests.AspNetCore.Extensions.HubOptionsExtensionsTests.AddCommunicationHubFilter_CanBeCalledMultipleTimes" computerName="pkrvmqc4gcfdwos" duration="00:00:00.0018403" startTime="2025-08-22T20:37:10.4889049+00:00" endTime="2025-08-22T20:37:10.4890607+00:00" testType="13cdc9d9-ddb5-4fa4-a97d-d965ccfc6d4b" outcome="Passed" testListId="8c84fa94-04c1-424b-9868-57a2d4851a1d" relativeResultsDirectory="84ce1a2f-b7aa-4680-81c9-c2bec77394e5" />
    <UnitTestResult executionId="10a3255d-71f0-4155-9542-dc8b18abcf65" testId="5a48316b-ec69-9349-5cec-20c5ea85e97a" testName="ManagedCode.Communication.Tests.AspNetCore.Extensions.ServiceCollectionExtensionsTests.Communication_Should_Handle_Custom_Problems" computerName="pkrvmqc4gcfdwos" duration="00:00:00.0060323" startTime="2025-08-22T20:37:12.0051523+00:00" endTime="2025-08-22T20:37:12.0111927+00:00" testType="13cdc9d9-ddb5-4fa4-a97d-d965ccfc6d4b" outcome="Passed" testListId="8c84fa94-04c1-424b-9868-57a2d4851a1d" relativeResultsDirectory="10a3255d-71f0-4155-9542-dc8b18abcf65" />
    <UnitTestResult executionId="9e5156f2-b12c-40ff-a7f1-06231dd301dd" testId="f76203f6-f127-113c-5b07-212839a96b73" testName="ManagedCode.Communication.Tests.AspNetCore.Extensions.ServiceCollectionExtensionsTests.Communication_Should_Handle_Valid_Model_Validation" computerName="pkrvmqc4gcfdwos" duration="00:00:00.0038118" startTime="2025-08-22T20:37:12.0275954+00:00" endTime="2025-08-22T20:37:12.0315544+00:00" testType="13cdc9d9-ddb5-4fa4-a97d-d965ccfc6d4b" outcome="Passed" testListId="8c84fa94-04c1-424b-9868-57a2d4851a1d" relativeResultsDirectory="9e5156f2-b12c-40ff-a7f1-06231dd301dd" />
  </Results>
  <TestDefinitions>
    <UnitTest name="ManagedCode.Communication.Tests.AspNetCore.Extensions.ServiceCollectionExtensionsTests.Communication_Should_Handle_Failed_Result" storage="/home/runner/work/communication/communication/managedcode.communication.tests/bin/debug/net9.0/managedcode.communication.tests.dll" id="c7ef02bf-2396-4de8-1185-78ff54ff8aab">
      <Execution id="6953b35d-fefe-4edb-bb29-e89beea9a3a8" />
      <TestMethod codeBase="/home/runner/work/Communication/Communication/ManagedCode.Communication.Tests/bin/Debug/net9.0/ManagedCode.Communication.Tests.dll" adapterTypeName="executor://xunit/VsTestRunner3/netcore/" className="ManagedCode.Communication.Tests.AspNetCore.Extensions.ServiceCollectionExtensionsTests" name="Communication_Should_Handle_Failed_Result" />
    </UnitTest>
    <UnitTest name="ManagedCode.Communication.Tests.AspNetCore.Extensions.ServiceCollectionExtensionsTests.Communication_Should_Handle_Empty_Collections" storage="/home/runner/work/communication/communication/managedcode.communication.tests/bin/debug/net9.0/managedcode.communication.tests.dll" id="ae8bdbb0-e445-3041-c219-15ee192365d2">
      <Execution id="2f14f8c0-5682-4117-9fca-e3d14deec9be" />
      <TestMethod codeBase="/home/runner/work/Communication/Communication/ManagedCode.Communication.Tests/bin/Debug/net9.0/ManagedCode.Communication.Tests.dll" adapterTypeName="executor://xunit/VsTestRunner3/netcore/" className="ManagedCode.Communication.Tests.AspNetCore.Extensions.ServiceCollectionExtensionsTests" name="Communication_Should_Handle_Empty_Collections" />
    </UnitTest>
    <UnitTest name="ManagedCode.Communication.Tests.AspNetCore.Extensions.ControllerExtensionsTests.ToHttpResult_WithNullValue_HandlesGracefully" storage="/home/runner/work/communication/communication/managedcode.communication.tests/bin/debug/net9.0/managedcode.communication.tests.dll" id="9fb27429-2e5b-c1a5-586b-a38199a8345b">
      <Execution id="978fba0e-d616-44d0-85e4-34ea7086062f" />
      <TestMethod codeBase="/home/runner/work/Communication/Communication/ManagedCode.Communication.Tests/bin/Debug/net9.0/ManagedCode.Communication.Tests.dll" adapterTypeName="executor://xunit/VsTestRunner3/netcore/" className="ManagedCode.Communication.Tests.AspNetCore.Extensions.ControllerExtensionsTests" name="ToHttpResult_WithNullValue_HandlesGracefully" />
    </UnitTest>
    <UnitTest name="ManagedCode.Communication.Tests.AspNetCore.Extensions.ControllerExtensionsTests.ToActionResult_WithVariousStatusCodes_ReturnsCorrectStatusCode(statusCode: 500, title: &quot;Internal Server Error&quot;)" storage="/home/runner/work/communication/communication/managedcode.communication.tests/bin/debug/net9.0/managedcode.communication.tests.dll" id="b2e97849-9fd5-473a-c64e-60a1b38c0a1b">
      <Execution id="d032399a-4017-4228-bf0a-31a78c7f1711" />
      <TestMethod codeBase="/home/runner/work/Communication/Communication/ManagedCode.Communication.Tests/bin/Debug/net9.0/ManagedCode.Communication.Tests.dll" adapterTypeName="executor://xunit/VsTestRunner3/netcore/" className="ManagedCode.Communication.Tests.AspNetCore.Extensions.ControllerExtensionsTests" name="ToActionResult_WithVariousStatusCodes_ReturnsCorrectStatusCode" />
    </UnitTest>
    <UnitTest name="ManagedCode.Communication.Tests.AspNetCore.Extensions.ControllerExtensionsTests.ToActionResult_WithNoProblem_ReturnsDefaultError" storage="/home/runner/work/communication/communication/managedcode.communication.tests/bin/debug/net9.0/managedcode.communication.tests.dll" id="8a469a40-7454-6880-9e8d-7953fae79af1">
      <Execution id="e6e7ce37-cc58-4ce9-b1f2-b63e83e54f72" />
      <TestMethod codeBase="/home/runner/work/Communication/Communication/ManagedCode.Communication.Tests/bin/Debug/net9.0/ManagedCode.Communication.Tests.dll" adapterTypeName="executor://xunit/VsTestRunner3/netcore/" className="ManagedCode.Communication.Tests.AspNetCore.Extensions.ControllerExtensionsTests" name="ToActionResult_WithNoProblem_ReturnsDefaultError" />
    </UnitTest>
    <UnitTest name="ManagedCode.Communication.Tests.AspNetCore.Extensions.ServiceCollectionExtensionsTests.Communication_Should_Handle_Exceptions" storage="/home/runner/work/communication/communication/managedcode.communication.tests/bin/debug/net9.0/managedcode.communication.tests.dll" id="7b410867-8a35-21b9-5a79-1e606c5e1d67">
      <Execution id="cd39e4fe-25bc-450c-8234-b9aee4c77f35" />
      <TestMethod codeBase="/home/runner/work/Communication/Communication/ManagedCode.Communication.Tests/bin/Debug/net9.0/ManagedCode.Communication.Tests.dll" adapterTypeName="executor://xunit/VsTestRunner3/netcore/" className="ManagedCode.Communication.Tests.AspNetCore.Extensions.ServiceCollectionExtensionsTests" name="Communication_Should_Handle_Exceptions" />
    </UnitTest>
    <UnitTest name="ManagedCode.Communication.Tests.AspNetCore.Extensions.ServiceCollectionExtensionsTests.Communication_Should_Handle_Collection_Results" storage="/home/runner/work/communication/communication/managedcode.communication.tests/bin/debug/net9.0/managedcode.communication.tests.dll" id="4628ea67-a850-c618-dd07-6b8c93867133">
      <Execution id="c987e27e-18a6-4a28-8da1-6d2a5e7104c1" />
      <TestMethod codeBase="/home/runner/work/Communication/Communication/ManagedCode.Communication.Tests/bin/Debug/net9.0/ManagedCode.Communication.Tests.dll" adapterTypeName="executor://xunit/VsTestRunner3/netcore/" className="ManagedCode.Communication.Tests.AspNetCore.Extensions.ServiceCollectionExtensionsTests" name="Communication_Should_Handle_Collection_Results" />
    </UnitTest>
    <UnitTest name="ManagedCode.Communication.Tests.AspNetCore.Extensions.ControllerExtensionsTests.ToActionResult_WithVariousStatusCodes_ReturnsCorrectStatusCode(statusCode: 404, title: &quot;Not Found&quot;)" storage="/home/runner/work/communication/communication/managedcode.communication.tests/bin/debug/net9.0/managedcode.communication.tests.dll" id="7f739289-fb83-39f7-cc97-e031b49032de">
      <Execution id="dddd46e2-fb54-4023-9f25-a089edcf34d6" />
      <TestMethod codeBase="/home/runner/work/Communication/Communication/ManagedCode.Communication.Tests/bin/Debug/net9.0/ManagedCode.Communication.Tests.dll" adapterTypeName="executor://xunit/VsTestRunner3/netcore/" className="ManagedCode.Communication.Tests.AspNetCore.Extensions.ControllerExtensionsTests" name="ToActionResult_WithVariousStatusCodes_ReturnsCorrectStatusCode" />
    </UnitTest>
    <UnitTest name="ManagedCode.Communication.Tests.AspNetCore.Extensions.ControllerExtensionsTests.ToActionResult_WithVariousStatusCodes_ReturnsCorrectStatusCode(statusCode: 403, title: &quot;Forbidden&quot;)" storage="/home/runner/work/communication/communication/managedcode.communication.tests/bin/debug/net9.0/managedcode.communication.tests.dll" id="aca7dc08-e077-6336-11fb-2489a226e225">
      <Execution id="5aac2b5a-7aa6-46cb-a844-6b53e2d57b28" />
      <TestMethod codeBase="/home/runner/work/Communication/Communication/ManagedCode.Communication.Tests/bin/Debug/net9.0/ManagedCode.Communication.Tests.dll" adapterTypeName="executor://xunit/VsTestRunner3/netcore/" className="ManagedCode.Communication.Tests.AspNetCore.Extensions.ControllerExtensionsTests" name="ToActionResult_WithVariousStatusCodes_ReturnsCorrectStatusCode" />
    </UnitTest>
    <UnitTest name="ManagedCode.Communication.Tests.AspNetCore.Extensions.HubOptionsExtensionsTests.AddCommunicationHubFilter_CanBeCalledMultipleTimes" storage="/home/runner/work/communication/communication/managedcode.communication.tests/bin/debug/net9.0/managedcode.communication.tests.dll" id="901cffbb-9bc0-db78-5288-2a4dc4c8cbb0">
      <Execution id="84ce1a2f-b7aa-4680-81c9-c2bec77394e5" />
      <TestMethod codeBase="/home/runner/work/Communication/Communication/ManagedCode.Communication.Tests/bin/Debug/net9.0/ManagedCode.Communication.Tests.dll" adapterTypeName="executor://xunit/VsTestRunner3/netcore/" className="ManagedCode.Communication.Tests.AspNetCore.Extensions.HubOptionsExtensionsTests" name="AddCommunicationHubFilter_CanBeCalledMultipleTimes" />
    </UnitTest>
    <UnitTest name="ManagedCode.Communication.Tests.AspNetCore.Extensions.ControllerExtensionsTests.ToActionResult_WithVariousStatusCodes_ReturnsCorrectStatusCode(statusCode: 400, title: &quot;Bad Request&quot;)" storage="/home/runner/work/communication/communication/managedcode.communication.tests/bin/debug/net9.0/managedcode.communication.tests.dll" id="5b102866-ff04-b892-509a-5334bf755397">
      <Execution id="1f32bb8d-e35b-4aad-b854-81fffe59c741" />
      <TestMethod codeBase="/home/runner/work/Communication/Communication/ManagedCode.Communication.Tests/bin/Debug/net9.0/ManagedCode.Communication.Tests.dll" adapterTypeName="executor://xunit/VsTestRunner3/netcore/" className="ManagedCode.Communication.Tests.AspNetCore.Extensions.ControllerExtensionsTests" name="ToActionResult_WithVariousStatusCodes_ReturnsCorrectStatusCode" />
    </UnitTest>
    <UnitTest name="ManagedCode.Communication.Tests.AspNetCore.Extensions.ControllerExtensionsTests.ToActionResult_WithVariousStatusCodes_ReturnsCorrectStatusCode(statusCode: 409, title: &quot;Conflict&quot;)" storage="/home/runner/work/communication/communication/managedcode.communication.tests/bin/debug/net9.0/managedcode.communication.tests.dll" id="84853a77-193c-be7b-a6c8-566bcbdc46e5">
      <Execution id="b1cf6526-2fd4-438f-a127-955a1dc1058f" />
      <TestMethod codeBase="/home/runner/work/Communication/Communication/ManagedCode.Communication.Tests/bin/Debug/net9.0/ManagedCode.Communication.Tests.dll" adapterTypeName="executor://xunit/VsTestRunner3/netcore/" className="ManagedCode.Communication.Tests.AspNetCore.Extensions.ControllerExtensionsTests" name="ToActionResult_WithVariousStatusCodes_ReturnsCorrectStatusCode" />
    </UnitTest>
    <UnitTest name="ManagedCode.Communication.Tests.AspNetCore.Extensions.ControllerExtensionsTests.ToActionResult_WithFailedResult_ReturnsCorrectStatusCode" storage="/home/runner/work/communication/communication/managedcode.communication.tests/bin/debug/net9.0/managedcode.communication.tests.dll" id="db5cf356-60bc-24eb-7ebd-eedff3a8292a">
      <Execution id="68f9c541-48cb-4205-9648-ae5e676086be" />
      <TestMethod codeBase="/home/runner/work/Communication/Communication/ManagedCode.Communication.Tests/bin/Debug/net9.0/ManagedCode.Communication.Tests.dll" adapterTypeName="executor://xunit/VsTestRunner3/netcore/" className="ManagedCode.Communication.Tests.AspNetCore.Extensions.ControllerExtensionsTests" name="ToActionResult_WithFailedResult_ReturnsCorrectStatusCode" />
    </UnitTest>
    <UnitTest name="ManagedCode.Communication.Tests.AspNetCore.Extensions.ControllerExtensionsTests.ToHttpResult_WithFailedResult_ReturnsProblemResult" storage="/home/runner/work/communication/communication/managedcode.communication.tests/bin/debug/net9.0/managedcode.communication.tests.dll" id="7618dd2b-5be7-dea8-df8a-a052ad263dcb">
      <Execution id="53d8a4e0-d3cf-447e-ae5b-9ae2851c9d22" />
      <TestMethod codeBase="/home/runner/work/Communication/Communication/ManagedCode.Communication.Tests/bin/Debug/net9.0/ManagedCode.Communication.Tests.dll" adapterTypeName="executor://xunit/VsTestRunner3/netcore/" className="ManagedCode.Communication.Tests.AspNetCore.Extensions.ControllerExtensionsTests" name="ToHttpResult_WithFailedResult_ReturnsProblemResult" />
    </UnitTest>
    <UnitTest name="ManagedCode.Communication.Tests.AspNetCore.Extensions.ServiceCollectionExtensionsTests.Communication_Should_Handle_Valid_Model_Validation" storage="/home/runner/work/communication/communication/managedcode.communication.tests/bin/debug/net9.0/managedcode.communication.tests.dll" id="f76203f6-f127-113c-5b07-212839a96b73">
      <Execution id="9e5156f2-b12c-40ff-a7f1-06231dd301dd" />
      <TestMethod codeBase="/home/runner/work/Communication/Communication/ManagedCode.Communication.Tests/bin/Debug/net9.0/ManagedCode.Communication.Tests.dll" adapterTypeName="executor://xunit/VsTestRunner3/netcore/" className="ManagedCode.Communication.Tests.AspNetCore.Extensions.ServiceCollectionExtensionsTests" name="Communication_Should_Handle_Valid_Model_Validation" />
    </UnitTest>
    <UnitTest name="ManagedCode.Communication.Tests.AspNetCore.Extensions.ServiceCollectionExtensionsTests.Communication_Should_Handle_NotFound_Result" storage="/home/runner/work/communication/communication/managedcode.communication.tests/bin/debug/net9.0/managedcode.communication.tests.dll" id="148b39b4-9949-c427-e52f-f445008acd77">
      <Execution id="875a2f44-2703-4384-9a12-320c36e3dc6f" />
      <TestMethod codeBase="/home/runner/work/Communication/Communication/ManagedCode.Communication.Tests/bin/Debug/net9.0/ManagedCode.Communication.Tests.dll" adapterTypeName="executor://xunit/VsTestRunner3/netcore/" className="ManagedCode.Communication.Tests.AspNetCore.Extensions.ServiceCollectionExtensionsTests" name="Communication_Should_Handle_NotFound_Result" />
    </UnitTest>
    <UnitTest name="ManagedCode.Communication.Tests.AspNetCore.Extensions.ControllerExtensionsTests.ToActionResult_WithComplexObject_ReturnsCorrectValue" storage="/home/runner/work/communication/communication/managedcode.communication.tests/bin/debug/net9.0/managedcode.communication.tests.dll" id="df5d6f80-47b6-1dba-6191-9a36b85a07e0">
      <Execution id="eb685f45-0de3-4016-9ae2-a5396bebf471" />
      <TestMethod codeBase="/home/runner/work/Communication/Communication/ManagedCode.Communication.Tests/bin/Debug/net9.0/ManagedCode.Communication.Tests.dll" adapterTypeName="executor://xunit/VsTestRunner3/netcore/" className="ManagedCode.Communication.Tests.AspNetCore.Extensions.ControllerExtensionsTests" name="ToActionResult_WithComplexObject_ReturnsCorrectValue" />
    </UnitTest>
    <UnitTest name="ManagedCode.Communication.Tests.AspNetCore.Extensions.ControllerExtensionsTests.ToActionResult_WithVariousStatusCodes_ReturnsCorrectStatusCode(statusCode: 422, title: &quot;Unprocessable Entity&quot;)" storage="/home/runner/work/communication/communication/managedcode.communication.tests/bin/debug/net9.0/managedcode.communication.tests.dll" id="8bd92cbc-b4a1-3cf0-6835-cad5eb18c15d">
      <Execution id="5f0fddc3-1098-40b4-90a4-6e1fda511cb5" />
      <TestMethod codeBase="/home/runner/work/Communication/Communication/ManagedCode.Communication.Tests/bin/Debug/net9.0/ManagedCode.Communication.Tests.dll" adapterTypeName="executor://xunit/VsTestRunner3/netcore/" className="ManagedCode.Communication.Tests.AspNetCore.Extensions.ControllerExtensionsTests" name="ToActionResult_WithVariousStatusCodes_ReturnsCorrectStatusCode" />
    </UnitTest>
    <UnitTest name="ManagedCode.Communication.Tests.AspNetCore.Extensions.HubOptionsExtensionsTests.AddCommunicationHubFilter_AddsFilterFromServiceProvider" storage="/home/runner/work/communication/communication/managedcode.communication.tests/bin/debug/net9.0/managedcode.communication.tests.dll" id="df4e7918-47c1-9f81-c5c6-ccb3731090e4">
      <Execution id="bdca6c71-f966-4850-8d1c-9222048067c4" />
      <TestMethod codeBase="/home/runner/work/Communication/Communication/ManagedCode.Communication.Tests/bin/Debug/net9.0/ManagedCode.Communication.Tests.dll" adapterTypeName="executor://xunit/VsTestRunner3/netcore/" className="ManagedCode.Communication.Tests.AspNetCore.Extensions.HubOptionsExtensionsTests" name="AddCommunicationHubFilter_AddsFilterFromServiceProvider" />
    </UnitTest>
    <UnitTest name="ManagedCode.Communication.Tests.AspNetCore.Extensions.ControllerExtensionsTests.ToHttpResult_WithSuccessResultNoValue_ReturnsNoContent" storage="/home/runner/work/communication/communication/managedcode.communication.tests/bin/debug/net9.0/managedcode.communication.tests.dll" id="a9c4348a-f7cc-abf4-413a-fc58753695f7">
      <Execution id="94785f7a-3c60-4a0d-a81b-960a01b35076" />
      <TestMethod codeBase="/home/runner/work/Communication/Communication/ManagedCode.Communication.Tests/bin/Debug/net9.0/ManagedCode.Communication.Tests.dll" adapterTypeName="executor://xunit/VsTestRunner3/netcore/" className="ManagedCode.Communication.Tests.AspNetCore.Extensions.ControllerExtensionsTests" name="ToHttpResult_WithSuccessResultNoValue_ReturnsNoContent" />
    </UnitTest>
    <UnitTest name="ManagedCode.Communication.Tests.AspNetCore.Extensions.ServiceCollectionExtensionsTests.Communication_Should_Reject_Invalid_Model" storage="/home/runner/work/communication/communication/managedcode.communication.tests/bin/debug/net9.0/managedcode.communication.tests.dll" id="353ee2b3-8223-ee2f-da86-858af32e4ee1">
      <Execution id="480f88c9-d87a-4df5-b65b-e3021e585883" />
      <TestMethod codeBase="/home/runner/work/Communication/Communication/ManagedCode.Communication.Tests/bin/Debug/net9.0/ManagedCode.Communication.Tests.dll" adapterTypeName="executor://xunit/VsTestRunner3/netcore/" className="ManagedCode.Communication.Tests.AspNetCore.Extensions.ServiceCollectionExtensionsTests" name="Communication_Should_Reject_Invalid_Model" />
    </UnitTest>
    <UnitTest name="ManagedCode.Communication.Tests.AspNetCore.Extensions.ControllerExtensionsTests.ToActionResult_WithSuccessResult_ReturnsOkObjectResult" storage="/home/runner/work/communication/communication/managedcode.communication.tests/bin/debug/net9.0/managedcode.communication.tests.dll" id="03803b69-013e-45b2-64bc-f738fc9a09c2">
      <Execution id="24f613b5-dcda-42f3-a349-62f9422dcc9a" />
      <TestMethod codeBase="/home/runner/work/Communication/Communication/ManagedCode.Communication.Tests/bin/Debug/net9.0/ManagedCode.Communication.Tests.dll" adapterTypeName="executor://xunit/VsTestRunner3/netcore/" className="ManagedCode.Communication.Tests.AspNetCore.Extensions.ControllerExtensionsTests" name="ToActionResult_WithSuccessResult_ReturnsOkObjectResult" />
    </UnitTest>
    <UnitTest name="ManagedCode.Communication.Tests.AspNetCore.Extensions.ControllerExtensionsTests.ToActionResult_WithValidationError_Returns400WithProblemDetails" storage="/home/runner/work/communication/communication/managedcode.communication.tests/bin/debug/net9.0/managedcode.communication.tests.dll" id="3fc0a61d-0537-a068-dc4c-e9f48287e808">
      <Execution id="8e00d8fb-8668-4923-88a9-6cff0a41f0c9" />
      <TestMethod codeBase="/home/runner/work/Communication/Communication/ManagedCode.Communication.Tests/bin/Debug/net9.0/ManagedCode.Communication.Tests.dll" adapterTypeName="executor://xunit/VsTestRunner3/netcore/" className="ManagedCode.Communication.Tests.AspNetCore.Extensions.ControllerExtensionsTests" name="ToActionResult_WithValidationError_Returns400WithProblemDetails" />
    </UnitTest>
    <UnitTest name="ManagedCode.Communication.Tests.AspNetCore.Extensions.ServiceCollectionExtensionsTests.Communication_Should_Handle_Enum_Errors" storage="/home/runner/work/communication/communication/managedcode.communication.tests/bin/debug/net9.0/managedcode.communication.tests.dll" id="f1ac5241-744a-004f-7a68-4b73cb2ee500">
      <Execution id="d2e7bd41-d471-4421-88b0-320e1a39038b" />
      <TestMethod codeBase="/home/runner/work/Communication/Communication/ManagedCode.Communication.Tests/bin/Debug/net9.0/ManagedCode.Communication.Tests.dll" adapterTypeName="executor://xunit/VsTestRunner3/netcore/" className="ManagedCode.Communication.Tests.AspNetCore.Extensions.ServiceCollectionExtensionsTests" name="Communication_Should_Handle_Enum_Errors" />
    </UnitTest>
    <UnitTest name="ManagedCode.Communication.Tests.AspNetCore.Extensions.ControllerExtensionsTests.ToActionResult_WithSuccessResultNoValue_ReturnsNoContent" storage="/home/runner/work/communication/communication/managedcode.communication.tests/bin/debug/net9.0/managedcode.communication.tests.dll" id="ca91a9e0-6fc0-a317-fd3a-6f5ade651c3e">
      <Execution id="c9b4a6b0-424e-47a6-bd5c-2b1e0c209484" />
      <TestMethod codeBase="/home/runner/work/Communication/Communication/ManagedCode.Communication.Tests/bin/Debug/net9.0/ManagedCode.Communication.Tests.dll" adapterTypeName="executor://xunit/VsTestRunner3/netcore/" className="ManagedCode.Communication.Tests.AspNetCore.Extensions.ControllerExtensionsTests" name="ToActionResult_WithSuccessResultNoValue_ReturnsNoContent" />
    </UnitTest>
    <UnitTest name="ManagedCode.Communication.Tests.AspNetCore.Extensions.ServiceCollectionExtensionsTests.Communication_Should_Handle_Successful_Result" storage="/home/runner/work/communication/communication/managedcode.communication.tests/bin/debug/net9.0/managedcode.communication.tests.dll" id="bcb6a2c1-7c43-e2d1-68fb-4752e36bef88">
      <Execution id="0fb54548-7e37-42ff-8d2d-c613a050d450" />
      <TestMethod codeBase="/home/runner/work/Communication/Communication/ManagedCode.Communication.Tests/bin/Debug/net9.0/ManagedCode.Communication.Tests.dll" adapterTypeName="executor://xunit/VsTestRunner3/netcore/" className="ManagedCode.Communication.Tests.AspNetCore.Extensions.ServiceCollectionExtensionsTests" name="Communication_Should_Handle_Successful_Result" />
    </UnitTest>
    <UnitTest name="ManagedCode.Communication.Tests.AspNetCore.Extensions.HubOptionsExtensionsTests.AddCommunicationHubFilter_WithNullServiceProvider_ThrowsArgumentNullException" storage="/home/runner/work/communication/communication/managedcode.communication.tests/bin/debug/net9.0/managedcode.communication.tests.dll" id="792fafb6-8218-3fb7-1745-cee38069f92a">
      <Execution id="af636837-0208-47df-8334-93e5da701492" />
      <TestMethod codeBase="/home/runner/work/Communication/Communication/ManagedCode.Communication.Tests/bin/Debug/net9.0/ManagedCode.Communication.Tests.dll" adapterTypeName="executor://xunit/VsTestRunner3/netcore/" className="ManagedCode.Communication.Tests.AspNetCore.Extensions.HubOptionsExtensionsTests" name="AddCommunicationHubFilter_WithNullServiceProvider_ThrowsArgumentNullException" />
    </UnitTest>
    <UnitTest name="ManagedCode.Communication.Tests.AspNetCore.Extensions.ControllerExtensionsTests.ToHttpResult_WithSuccessResult_ReturnsOkResult" storage="/home/runner/work/communication/communication/managedcode.communication.tests/bin/debug/net9.0/managedcode.communication.tests.dll" id="09a23f90-ebf0-0444-a58c-9c7e3ea1e9e8">
      <Execution id="9f356709-09a5-4bca-9309-78a57a8d3e7b" />
      <TestMethod codeBase="/home/runner/work/Communication/Communication/ManagedCode.Communication.Tests/bin/Debug/net9.0/ManagedCode.Communication.Tests.dll" adapterTypeName="executor://xunit/VsTestRunner3/netcore/" className="ManagedCode.Communication.Tests.AspNetCore.Extensions.ControllerExtensionsTests" name="ToHttpResult_WithSuccessResult_ReturnsOkResult" />
    </UnitTest>
    <UnitTest name="ManagedCode.Communication.Tests.AspNetCore.Extensions.ControllerExtensionsTests.ToHttpResult_WithComplexFailure_PreservesProblemDetails" storage="/home/runner/work/communication/communication/managedcode.communication.tests/bin/debug/net9.0/managedcode.communication.tests.dll" id="7e95e31b-5cbf-f4bc-6b58-5c4878828fa0">
      <Execution id="b27db02f-511e-4d05-a72b-f5a65923a92f" />
      <TestMethod codeBase="/home/runner/work/Communication/Communication/ManagedCode.Communication.Tests/bin/Debug/net9.0/ManagedCode.Communication.Tests.dll" adapterTypeName="executor://xunit/VsTestRunner3/netcore/" className="ManagedCode.Communication.Tests.AspNetCore.Extensions.ControllerExtensionsTests" name="ToHttpResult_WithComplexFailure_PreservesProblemDetails" />
    </UnitTest>
    <UnitTest name="ManagedCode.Communication.Tests.AspNetCore.Extensions.ControllerExtensionsTests.ToActionResult_WithVariousStatusCodes_ReturnsCorrectStatusCode(statusCode: 401, title: &quot;Unauthorized&quot;)" storage="/home/runner/work/communication/communication/managedcode.communication.tests/bin/debug/net9.0/managedcode.communication.tests.dll" id="88f0c0b5-dc4a-4133-b95e-5ff2d41cf758">
      <Execution id="25411721-60f7-4855-a50e-ab068fafc929" />
      <TestMethod codeBase="/home/runner/work/Communication/Communication/ManagedCode.Communication.Tests/bin/Debug/net9.0/ManagedCode.Communication.Tests.dll" adapterTypeName="executor://xunit/VsTestRunner3/netcore/" className="ManagedCode.Communication.Tests.AspNetCore.Extensions.ControllerExtensionsTests" name="ToActionResult_WithVariousStatusCodes_ReturnsCorrectStatusCode" />
    </UnitTest>
    <UnitTest name="ManagedCode.Communication.Tests.AspNetCore.Extensions.HubOptionsExtensionsTests.AddCommunicationHubFilter_ThrowsWhenFilterNotRegistered" storage="/home/runner/work/communication/communication/managedcode.communication.tests/bin/debug/net9.0/managedcode.communication.tests.dll" id="2eb8f298-9b5e-9d71-3c50-8115dbbb5361">
      <Execution id="ed4ebaf7-f128-4179-b9cb-3283b212afb2" />
      <TestMethod codeBase="/home/runner/work/Communication/Communication/ManagedCode.Communication.Tests/bin/Debug/net9.0/ManagedCode.Communication.Tests.dll" adapterTypeName="executor://xunit/VsTestRunner3/netcore/" className="ManagedCode.Communication.Tests.AspNetCore.Extensions.HubOptionsExtensionsTests" name="AddCommunicationHubFilter_ThrowsWhenFilterNotRegistered" />
    </UnitTest>
    <UnitTest name="ManagedCode.Communication.Tests.AspNetCore.Extensions.ServiceCollectionExtensionsTests.Communication_Should_Handle_Custom_Problems" storage="/home/runner/work/communication/communication/managedcode.communication.tests/bin/debug/net9.0/managedcode.communication.tests.dll" id="5a48316b-ec69-9349-5cec-20c5ea85e97a">
      <Execution id="10a3255d-71f0-4155-9542-dc8b18abcf65" />
      <TestMethod codeBase="/home/runner/work/Communication/Communication/ManagedCode.Communication.Tests/bin/Debug/net9.0/ManagedCode.Communication.Tests.dll" adapterTypeName="executor://xunit/VsTestRunner3/netcore/" className="ManagedCode.Communication.Tests.AspNetCore.Extensions.ServiceCollectionExtensionsTests" name="Communication_Should_Handle_Custom_Problems" />
    </UnitTest>
  </TestDefinitions>
  <TestEntries>
    <TestEntry testId="9fb27429-2e5b-c1a5-586b-a38199a8345b" executionId="978fba0e-d616-44d0-85e4-34ea7086062f" testListId="8c84fa94-04c1-424b-9868-57a2d4851a1d" />
    <TestEntry testId="84853a77-193c-be7b-a6c8-566bcbdc46e5" executionId="b1cf6526-2fd4-438f-a127-955a1dc1058f" testListId="8c84fa94-04c1-424b-9868-57a2d4851a1d" />
    <TestEntry testId="03803b69-013e-45b2-64bc-f738fc9a09c2" executionId="24f613b5-dcda-42f3-a349-62f9422dcc9a" testListId="8c84fa94-04c1-424b-9868-57a2d4851a1d" />
    <TestEntry testId="3fc0a61d-0537-a068-dc4c-e9f48287e808" executionId="8e00d8fb-8668-4923-88a9-6cff0a41f0c9" testListId="8c84fa94-04c1-424b-9868-57a2d4851a1d" />
    <TestEntry testId="ca91a9e0-6fc0-a317-fd3a-6f5ade651c3e" executionId="c9b4a6b0-424e-47a6-bd5c-2b1e0c209484" testListId="8c84fa94-04c1-424b-9868-57a2d4851a1d" />
    <TestEntry testId="7f739289-fb83-39f7-cc97-e031b49032de" executionId="dddd46e2-fb54-4023-9f25-a089edcf34d6" testListId="8c84fa94-04c1-424b-9868-57a2d4851a1d" />
    <TestEntry testId="db5cf356-60bc-24eb-7ebd-eedff3a8292a" executionId="68f9c541-48cb-4205-9648-ae5e676086be" testListId="8c84fa94-04c1-424b-9868-57a2d4851a1d" />
    <TestEntry testId="ae8bdbb0-e445-3041-c219-15ee192365d2" executionId="2f14f8c0-5682-4117-9fca-e3d14deec9be" testListId="8c84fa94-04c1-424b-9868-57a2d4851a1d" />
    <TestEntry testId="353ee2b3-8223-ee2f-da86-858af32e4ee1" executionId="480f88c9-d87a-4df5-b65b-e3021e585883" testListId="8c84fa94-04c1-424b-9868-57a2d4851a1d" />
    <TestEntry testId="df4e7918-47c1-9f81-c5c6-ccb3731090e4" executionId="bdca6c71-f966-4850-8d1c-9222048067c4" testListId="8c84fa94-04c1-424b-9868-57a2d4851a1d" />
    <TestEntry testId="c7ef02bf-2396-4de8-1185-78ff54ff8aab" executionId="6953b35d-fefe-4edb-bb29-e89beea9a3a8" testListId="8c84fa94-04c1-424b-9868-57a2d4851a1d" />
    <TestEntry testId="7b410867-8a35-21b9-5a79-1e606c5e1d67" executionId="cd39e4fe-25bc-450c-8234-b9aee4c77f35" testListId="8c84fa94-04c1-424b-9868-57a2d4851a1d" />
    <TestEntry testId="2eb8f298-9b5e-9d71-3c50-8115dbbb5361" executionId="ed4ebaf7-f128-4179-b9cb-3283b212afb2" testListId="8c84fa94-04c1-424b-9868-57a2d4851a1d" />
    <TestEntry testId="bcb6a2c1-7c43-e2d1-68fb-4752e36bef88" executionId="0fb54548-7e37-42ff-8d2d-c613a050d450" testListId="8c84fa94-04c1-424b-9868-57a2d4851a1d" />
    <TestEntry testId="a9c4348a-f7cc-abf4-413a-fc58753695f7" executionId="94785f7a-3c60-4a0d-a81b-960a01b35076" testListId="8c84fa94-04c1-424b-9868-57a2d4851a1d" />
    <TestEntry testId="8a469a40-7454-6880-9e8d-7953fae79af1" executionId="e6e7ce37-cc58-4ce9-b1f2-b63e83e54f72" testListId="8c84fa94-04c1-424b-9868-57a2d4851a1d" />
    <TestEntry testId="148b39b4-9949-c427-e52f-f445008acd77" executionId="875a2f44-2703-4384-9a12-320c36e3dc6f" testListId="8c84fa94-04c1-424b-9868-57a2d4851a1d" />
    <TestEntry testId="7618dd2b-5be7-dea8-df8a-a052ad263dcb" executionId="53d8a4e0-d3cf-447e-ae5b-9ae2851c9d22" testListId="8c84fa94-04c1-424b-9868-57a2d4851a1d" />
    <TestEntry testId="8bd92cbc-b4a1-3cf0-6835-cad5eb18c15d" executionId="5f0fddc3-1098-40b4-90a4-6e1fda511cb5" testListId="8c84fa94-04c1-424b-9868-57a2d4851a1d" />
    <TestEntry testId="5b102866-ff04-b892-509a-5334bf755397" executionId="1f32bb8d-e35b-4aad-b854-81fffe59c741" testListId="8c84fa94-04c1-424b-9868-57a2d4851a1d" />
    <TestEntry testId="aca7dc08-e077-6336-11fb-2489a226e225" executionId="5aac2b5a-7aa6-46cb-a844-6b53e2d57b28" testListId="8c84fa94-04c1-424b-9868-57a2d4851a1d" />
    <TestEntry testId="7e95e31b-5cbf-f4bc-6b58-5c4878828fa0" executionId="b27db02f-511e-4d05-a72b-f5a65923a92f" testListId="8c84fa94-04c1-424b-9868-57a2d4851a1d" />
    <TestEntry testId="88f0c0b5-dc4a-4133-b95e-5ff2d41cf758" executionId="25411721-60f7-4855-a50e-ab068fafc929" testListId="8c84fa94-04c1-424b-9868-57a2d4851a1d" />
    <TestEntry testId="f1ac5241-744a-004f-7a68-4b73cb2ee500" executionId="d2e7bd41-d471-4421-88b0-320e1a39038b" testListId="8c84fa94-04c1-424b-9868-57a2d4851a1d" />
    <TestEntry testId="4628ea67-a850-c618-dd07-6b8c93867133" executionId="c987e27e-18a6-4a28-8da1-6d2a5e7104c1" testListId="8c84fa94-04c1-424b-9868-57a2d4851a1d" />
    <TestEntry testId="09a23f90-ebf0-0444-a58c-9c7e3ea1e9e8" executionId="9f356709-09a5-4bca-9309-78a57a8d3e7b" testListId="8c84fa94-04c1-424b-9868-57a2d4851a1d" />
    <TestEntry testId="792fafb6-8218-3fb7-1745-cee38069f92a" executionId="af636837-0208-47df-8334-93e5da701492" testListId="8c84fa94-04c1-424b-9868-57a2d4851a1d" />
    <TestEntry testId="df5d6f80-47b6-1dba-6191-9a36b85a07e0" executionId="eb685f45-0de3-4016-9ae2-a5396bebf471" testListId="8c84fa94-04c1-424b-9868-57a2d4851a1d" />
    <TestEntry testId="b2e97849-9fd5-473a-c64e-60a1b38c0a1b" executionId="d032399a-4017-4228-bf0a-31a78c7f1711" testListId="8c84fa94-04c1-424b-9868-57a2d4851a1d" />
    <TestEntry testId="901cffbb-9bc0-db78-5288-2a4dc4c8cbb0" executionId="84ce1a2f-b7aa-4680-81c9-c2bec77394e5" testListId="8c84fa94-04c1-424b-9868-57a2d4851a1d" />
    <TestEntry testId="5a48316b-ec69-9349-5cec-20c5ea85e97a" executionId="10a3255d-71f0-4155-9542-dc8b18abcf65" testListId="8c84fa94-04c1-424b-9868-57a2d4851a1d" />
    <TestEntry testId="f76203f6-f127-113c-5b07-212839a96b73" executionId="9e5156f2-b12c-40ff-a7f1-06231dd301dd" testListId="8c84fa94-04c1-424b-9868-57a2d4851a1d" />
  </TestEntries>
  <TestLists>
    <TestList name="Results Not in a List" id="8c84fa94-04c1-424b-9868-57a2d4851a1d" />
    <TestList name="All Loaded Results" id="19431567-8539-422a-85d7-44ee4e166bda" />
  </TestLists>
  <ResultSummary outcome="Completed">
    <Counters total="32" executed="32" passed="32" failed="0" error="0" timeout="0" aborted="0" inconclusive="0" passedButRunAborted="0" notRunnable="0" notExecuted="0" disconnected="0" warning="0" completed="0" inProgress="0" pending="0" />
    <Output>
      <StdOut>[xUnit.net 00:00:00.00] xUnit.net VSTest Adapter v3.1.4+50e68bbb8b (64-bit .NET 9.0.0)
[xUnit.net 00:00:00.10]   Discovering: ManagedCode.Communication.Tests
[xUnit.net 00:00:00.20]   Discovered:  ManagedCode.Communication.Tests
[xUnit.net 00:00:00.23]   Starting:    ManagedCode.Communication.Tests
info: Microsoft.AspNetCore.DataProtection.KeyManagement.XmlKeyManager[62]
      User profile is available. Using '/home/runner/.aspnet/DataProtection-Keys' as key repository; keys will not be encrypted at rest.
info: Microsoft.AspNetCore.Hosting.Diagnostics[1]
      Request starting HTTP/1.1 GET http://localhost/test/collection-success - - -
info: Microsoft.AspNetCore.Routing.EndpointMiddleware[0]
      Executing endpoint 'ManagedCode.Communication.Tests.Common.TestApp.Controllers.TestController.GetCollectionSuccess (ManagedCode.Communication.Tests)'
info: Microsoft.AspNetCore.Mvc.Infrastructure.ControllerActionInvoker[102]
      Route matched with {action = "GetCollectionSuccess", controller = "Test"}. Executing controller action with signature ManagedCode.Communication.CollectionResultT.CollectionResult`1[ManagedCode.Communication.Tests.Common.TestApp.Controllers.TestModel] GetCollectionSuccess() on controller ManagedCode.Communication.Tests.Common.TestApp.Controllers.TestController (ManagedCode.Communication.Tests).
info: Microsoft.AspNetCore.Mvc.Infrastructure.ObjectResultExecutor[1]
      Executing ObjectResult, writing value of type 'ManagedCode.Communication.CollectionResultT.CollectionResult`1[[ManagedCode.Communication.Tests.Common.TestApp.Controllers.TestModel, ManagedCode.Communication.Tests, Version=9.6.2.0, Culture=neutral, PublicKeyToken=null]]'.
info: Microsoft.AspNetCore.Mvc.Infrastructure.ControllerActionInvoker[105]
      Executed action ManagedCode.Communication.Tests.Common.TestApp.Controllers.TestController.GetCollectionSuccess (ManagedCode.Communication.Tests) in 55.0109ms
info: Microsoft.AspNetCore.Routing.EndpointMiddleware[1]
      Executed endpoint 'ManagedCode.Communication.Tests.Common.TestApp.Controllers.TestController.GetCollectionSuccess (ManagedCode.Communication.Tests)'
info: Microsoft.AspNetCore.Hosting.Diagnostics[2]
      Request finished HTTP/1.1 GET http://localhost/test/collection-success - 200 - application/json;+charset=utf-8 98.4968ms
info: Microsoft.AspNetCore.Hosting.Diagnostics[1]
      Request starting HTTP/1.1 POST http://localhost/test/validate - application/json;+charset=utf-8 38
info: Microsoft.AspNetCore.Routing.EndpointMiddleware[0]
      Executing endpoint 'ManagedCode.Communication.Tests.Common.TestApp.Controllers.TestController.Validate (ManagedCode.Communication.Tests)'
info: Microsoft.AspNetCore.Mvc.Infrastructure.ControllerActionInvoker[102]
      Route matched with {action = "Validate", controller = "Test"}. Executing controller action with signature Microsoft.AspNetCore.Mvc.ActionResult`1[System.String] Validate(ManagedCode.Communication.Tests.Common.TestApp.Controllers.TestValidationModel) on controller ManagedCode.Communication.Tests.Common.TestApp.Controllers.TestController (ManagedCode.Communication.Tests).
warn: ManagedCode.Communication.AspNetCore.Filters.CommunicationModelValidationFilter[0]
      Model validation failed for ManagedCode.Communication.Tests.Common.TestApp.Controllers.TestController.Validate (ManagedCode.Communication.Tests)
info: Microsoft.AspNetCore.Mvc.Infrastructure.ObjectResultExecutor[1]
      Executing BadRequestObjectResult, writing value of type 'ManagedCode.Communication.Result'.
info: Microsoft.AspNetCore.Mvc.Infrastructure.ControllerActionInvoker[105]
      Executed action ManagedCode.Communication.Tests.Common.TestApp.Controllers.TestController.Validate (ManagedCode.Communication.Tests) in 46.9148ms
info: Microsoft.AspNetCore.Routing.EndpointMiddleware[1]
      Executed endpoint 'ManagedCode.Communication.Tests.Common.TestApp.Controllers.TestController.Validate (ManagedCode.Communication.Tests)'
info: Microsoft.AspNetCore.Hosting.Diagnostics[2]
      Request finished HTTP/1.1 POST http://localhost/test/validate - 400 - application/json;+charset=utf-8 56.9092ms
info: Microsoft.AspNetCore.Hosting.Diagnostics[1]
      Request starting HTTP/1.1 GET http://localhost/test/custom-problem - - -
info: Microsoft.AspNetCore.Routing.EndpointMiddleware[0]
      Executing endpoint 'ManagedCode.Communication.Tests.Common.TestApp.Controllers.TestController.CustomProblem (ManagedCode.Communication.Tests)'
info: Microsoft.AspNetCore.Mvc.Infrastructure.ControllerActionInvoker[102]
      Route matched with {action = "CustomProblem", controller = "Test"}. Executing controller action with signature Microsoft.AspNetCore.Mvc.ActionResult CustomProblem() on controller ManagedCode.Communication.Tests.Common.TestApp.Controllers.TestController (ManagedCode.Communication.Tests).
info: Microsoft.AspNetCore.Mvc.Infrastructure.ObjectResultExecutor[1]
      Executing ObjectResult, writing value of type 'ManagedCode.Communication.Problem'.
info: Microsoft.AspNetCore.Mvc.Infrastructure.ControllerActionInvoker[105]
      Executed action ManagedCode.Communication.Tests.Common.TestApp.Controllers.TestController.CustomProblem (ManagedCode.Communication.Tests) in 2.2734ms
info: Microsoft.AspNetCore.Routing.EndpointMiddleware[1]
      Executed endpoint 'ManagedCode.Communication.Tests.Common.TestApp.Controllers.TestController.CustomProblem (ManagedCode.Communication.Tests)'
info: Microsoft.AspNetCore.Hosting.Diagnostics[2]
      Request finished HTTP/1.1 GET http://localhost/test/custom-problem - 409 - application/json;+charset=utf-8 4.3435ms
info: Microsoft.AspNetCore.Hosting.Diagnostics[1]
      Request starting HTTP/1.1 GET http://localhost/test/throw-exception - - -
info: Microsoft.AspNetCore.Routing.EndpointMiddleware[0]
      Executing endpoint 'ManagedCode.Communication.Tests.Common.TestApp.Controllers.TestController.ThrowException (ManagedCode.Communication.Tests)'
info: Microsoft.AspNetCore.Mvc.Infrastructure.ControllerActionInvoker[102]
      Route matched with {action = "ThrowException", controller = "Test"}. Executing controller action with signature System.String ThrowException() on controller ManagedCode.Communication.Tests.Common.TestApp.Controllers.TestController (ManagedCode.Communication.Tests).
fail: ManagedCode.Communication.AspNetCore.Filters.CommunicationExceptionFilter[0]
      Unhandled exception in Test.ManagedCode.Communication.Tests.Common.TestApp.Controllers.TestController.ThrowException (ManagedCode.Communication.Tests)
      System.InvalidOperationException: This is a test exception for integration testing
         at ManagedCode.Communication.Tests.Common.TestApp.Controllers.TestController.ThrowException() in /_/ManagedCode.Communication.Tests/Common/TestApp/Controllers/TestController.cs:line 130
         at lambda_method81(Closure, Object, Object[])
         at Microsoft.AspNetCore.Mvc.Infrastructure.ActionMethodExecutor.SyncObjectResultExecutor.Execute(ActionContext actionContext, IActionResultTypeMapper mapper, ObjectMethodExecutor executor, Object controller, Object[] arguments)
         at Microsoft.AspNetCore.Mvc.Infrastructure.ControllerActionInvoker.InvokeActionMethodAsync()
         at Microsoft.AspNetCore.Mvc.Infrastructure.ControllerActionInvoker.Next(State&amp; next, Scope&amp; scope, Object&amp; state, Boolean&amp; isCompleted)
         at Microsoft.AspNetCore.Mvc.Infrastructure.ControllerActionInvoker.InvokeNextActionFilterAsync()
      --- End of stack trace from previous location ---
         at Microsoft.AspNetCore.Mvc.Infrastructure.ControllerActionInvoker.Rethrow(ActionExecutedContextSealed context)
         at Microsoft.AspNetCore.Mvc.Infrastructure.ControllerActionInvoker.Next(State&amp; next, Scope&amp; scope, Object&amp; state, Boolean&amp; isCompleted)
         at Microsoft.AspNetCore.Mvc.Infrastructure.ControllerActionInvoker.InvokeInnerFilterAsync()
      --- End of stack trace from previous location ---
         at Microsoft.AspNetCore.Mvc.Infrastructure.ResourceInvoker.&lt;InvokeNextExceptionFilterAsync&gt;g__Awaited|26_0(ResourceInvoker invoker, Task lastTask, State next, Scope scope, Object state, Boolean isCompleted)
info: ManagedCode.Communication.AspNetCore.Filters.CommunicationExceptionFilter[0]
      Exception handled by CommunicationExceptionFilter for Test.ManagedCode.Communication.Tests.Common.TestApp.Controllers.TestController.ThrowException (ManagedCode.Communication.Tests)
info: Microsoft.AspNetCore.Mvc.Infrastructure.ObjectResultExecutor[1]
      Executing ObjectResult, writing value of type 'ManagedCode.Communication.Result'.
info: Microsoft.AspNetCore.Mvc.Infrastructure.ControllerActionInvoker[105]
      Executed action ManagedCode.Communication.Tests.Common.TestApp.Controllers.TestController.ThrowException (ManagedCode.Communication.Tests) in 8.6866ms
info: Microsoft.AspNetCore.Routing.EndpointMiddleware[1]
      Executed endpoint 'ManagedCode.Communication.Tests.Common.TestApp.Controllers.TestController.ThrowException (ManagedCode.Communication.Tests)'
info: Microsoft.AspNetCore.Hosting.Diagnostics[2]
      Request finished HTTP/1.1 GET http://localhost/test/throw-exception - 400 - application/json;+charset=utf-8 9.4554ms
info: Microsoft.AspNetCore.Hosting.Diagnostics[1]
      Request starting HTTP/1.1 GET http://localhost/test/collection-empty - - -
info: Microsoft.AspNetCore.Routing.EndpointMiddleware[0]
      Executing endpoint 'ManagedCode.Communication.Tests.Common.TestApp.Controllers.TestController.GetCollectionEmpty (ManagedCode.Communication.Tests)'
info: Microsoft.AspNetCore.Mvc.Infrastructure.ControllerActionInvoker[102]
      Route matched with {action = "GetCollectionEmpty", controller = "Test"}. Executing controller action with signature ManagedCode.Communication.CollectionResultT.CollectionResult`1[ManagedCode.Communication.Tests.Common.TestApp.Controllers.TestModel] GetCollectionEmpty() on controller ManagedCode.Communication.Tests.Common.TestApp.Controllers.TestController (ManagedCode.Communication.Tests).
info: Microsoft.AspNetCore.Mvc.Infrastructure.ObjectResultExecutor[1]
      Executing ObjectResult, writing value of type 'ManagedCode.Communication.CollectionResultT.CollectionResult`1[[ManagedCode.Communication.Tests.Common.TestApp.Controllers.TestModel, ManagedCode.Communication.Tests, Version=9.6.2.0, Culture=neutral, PublicKeyToken=null]]'.
info: Microsoft.AspNetCore.Mvc.Infrastructure.ControllerActionInvoker[105]
      Executed action ManagedCode.Communication.Tests.Common.TestApp.Controllers.TestController.GetCollectionEmpty (ManagedCode.Communication.Tests) in 0.6124ms
info: Microsoft.AspNetCore.Routing.EndpointMiddleware[1]
      Executed endpoint 'ManagedCode.Communication.Tests.Common.TestApp.Controllers.TestController.GetCollectionEmpty (ManagedCode.Communication.Tests)'
info: Microsoft.AspNetCore.Hosting.Diagnostics[2]
      Request finished HTTP/1.1 GET http://localhost/test/collection-empty - 200 - application/json;+charset=utf-8 2.9464ms
info: Microsoft.AspNetCore.Hosting.Diagnostics[1]
      Request starting HTTP/1.1 POST http://localhost/test/validate - application/json;+charset=utf-8 55
info: Microsoft.AspNetCore.Routing.EndpointMiddleware[0]
      Executing endpoint 'ManagedCode.Communication.Tests.Common.TestApp.Controllers.TestController.Validate (ManagedCode.Communication.Tests)'
info: Microsoft.AspNetCore.Mvc.Infrastructure.ControllerActionInvoker[102]
      Route matched with {action = "Validate", controller = "Test"}. Executing controller action with signature Microsoft.AspNetCore.Mvc.ActionResult`1[System.String] Validate(ManagedCode.Communication.Tests.Common.TestApp.Controllers.TestValidationModel) on controller ManagedCode.Communication.Tests.Common.TestApp.Controllers.TestController (ManagedCode.Communication.Tests).
info: Microsoft.AspNetCore.Mvc.Infrastructure.ObjectResultExecutor[1]
      Executing OkObjectResult, writing value of type 'System.String'.
info: Microsoft.AspNetCore.Mvc.Infrastructure.ControllerActionInvoker[105]
      Executed action ManagedCode.Communication.Tests.Common.TestApp.Controllers.TestController.Validate (ManagedCode.Communication.Tests) in 2.0563ms
info: Microsoft.AspNetCore.Routing.EndpointMiddleware[1]
      Executed endpoint 'ManagedCode.Communication.Tests.Common.TestApp.Controllers.TestController.Validate (ManagedCode.Communication.Tests)'
info: Microsoft.AspNetCore.Hosting.Diagnostics[2]
      Request finished HTTP/1.1 POST http://localhost/test/validate - 200 - text/plain;+charset=utf-8 2.3331ms
info: Microsoft.AspNetCore.Hosting.Diagnostics[1]
      Request starting HTTP/1.1 GET http://localhost/test/result-notfound - - -
info: Microsoft.AspNetCore.Routing.EndpointMiddleware[0]
      Executing endpoint 'ManagedCode.Communication.Tests.Common.TestApp.Controllers.TestController.GetResultNotFoundTest (ManagedCode.Communication.Tests)'
info: Microsoft.AspNetCore.Mvc.Infrastructure.ControllerActionInvoker[102]
      Route matched with {action = "GetResultNotFoundTest", controller = "Test"}. Executing controller action with signature ManagedCode.Communication.Result`1[System.String] GetResultNotFoundTest() on controller ManagedCode.Communication.Tests.Common.TestApp.Controllers.TestController (ManagedCode.Communication.Tests).
info: Microsoft.AspNetCore.Mvc.Infrastructure.ObjectResultExecutor[1]
      Executing ObjectResult, writing value of type 'ManagedCode.Communication.Result`1[[System.String, System.Private.CoreLib, Version=9.0.0.0, Culture=neutral, PublicKeyToken=7cec85d7bea7798e]]'.
info: Microsoft.AspNetCore.Mvc.Infrastructure.ControllerActionInvoker[105]
      Executed action ManagedCode.Communication.Tests.Common.TestApp.Controllers.TestController.GetResultNotFoundTest (ManagedCode.Communication.Tests) in 6.5134ms
info: Microsoft.AspNetCore.Routing.EndpointMiddleware[1]
      Executed endpoint 'ManagedCode.Communication.Tests.Common.TestApp.Controllers.TestController.GetResultNotFoundTest (ManagedCode.Communication.Tests)'
info: Microsoft.AspNetCore.Hosting.Diagnostics[2]
      Request finished HTTP/1.1 GET http://localhost/test/result-notfound - 404 - application/json;+charset=utf-8 7.2504ms
info: Microsoft.AspNetCore.Hosting.Diagnostics[1]
      Request starting HTTP/1.1 GET http://localhost/test/result-failure - - -
info: Microsoft.AspNetCore.Routing.EndpointMiddleware[0]
      Executing endpoint 'ManagedCode.Communication.Tests.Common.TestApp.Controllers.TestController.GetResultFailure (ManagedCode.Communication.Tests)'
info: Microsoft.AspNetCore.Mvc.Infrastructure.ControllerActionInvoker[102]
      Route matched with {action = "GetResultFailure", controller = "Test"}. Executing controller action with signature ManagedCode.Communication.Result`1[System.String] GetResultFailure() on controller ManagedCode.Communication.Tests.Common.TestApp.Controllers.TestController (ManagedCode.Communication.Tests).
info: Microsoft.AspNetCore.Mvc.Infrastructure.ObjectResultExecutor[1]
      Executing ObjectResult, writing value of type 'ManagedCode.Communication.Result`1[[System.String, System.Private.CoreLib, Version=9.0.0.0, Culture=neutral, PublicKeyToken=7cec85d7bea7798e]]'.
info: Microsoft.AspNetCore.Mvc.Infrastructure.ControllerActionInvoker[105]
      Executed action ManagedCode.Communication.Tests.Common.TestApp.Controllers.TestController.GetResultFailure (ManagedCode.Communication.Tests) in 0.5116ms
info: Microsoft.AspNetCore.Routing.EndpointMiddleware[1]
      Executed endpoint 'ManagedCode.Communication.Tests.Common.TestApp.Controllers.TestController.GetResultFailure (ManagedCode.Communication.Tests)'
info: Microsoft.AspNetCore.Hosting.Diagnostics[2]
      Request finished HTTP/1.1 GET http://localhost/test/result-failure - 400 - application/json;+charset=utf-8 1.2435ms
info: Microsoft.AspNetCore.Hosting.Diagnostics[1]
      Request starting HTTP/1.1 GET http://localhost/test/result-success - - -
info: Microsoft.AspNetCore.Routing.EndpointMiddleware[0]
      Executing endpoint 'ManagedCode.Communication.Tests.Common.TestApp.Controllers.TestController.GetResultSuccessWithValue (ManagedCode.Communication.Tests)'
info: Microsoft.AspNetCore.Mvc.Infrastructure.ControllerActionInvoker[102]
      Route matched with {action = "GetResultSuccessWithValue", controller = "Test"}. Executing controller action with signature ManagedCode.Communication.Result`1[ManagedCode.Communication.Tests.Common.TestApp.Controllers.TestModel] GetResultSuccessWithValue() on controller ManagedCode.Communication.Tests.Common.TestApp.Controllers.TestController (ManagedCode.Communication.Tests).
info: Microsoft.AspNetCore.Mvc.Infrastructure.ObjectResultExecutor[1]
      Executing ObjectResult, writing value of type 'ManagedCode.Communication.Result`1[[ManagedCode.Communication.Tests.Common.TestApp.Controllers.TestModel, ManagedCode.Communication.Tests, Version=9.6.2.0, Culture=neutral, PublicKeyToken=null]]'.
info: Microsoft.AspNetCore.Mvc.Infrastructure.ControllerActionInvoker[105]
      Executed action ManagedCode.Communication.Tests.Common.TestApp.Controllers.TestController.GetResultSuccessWithValue (ManagedCode.Communication.Tests) in 1.7778ms
info: Microsoft.AspNetCore.Routing.EndpointMiddleware[1]
      Executed endpoint 'ManagedCode.Communication.Tests.Common.TestApp.Controllers.TestController.GetResultSuccessWithValue (ManagedCode.Communication.Tests)'
info: Microsoft.AspNetCore.Hosting.Diagnostics[2]
      Request finished HTTP/1.1 GET http://localhost/test/result-success - 200 - application/json;+charset=utf-8 2.6297ms
info: Microsoft.AspNetCore.Hosting.Diagnostics[1]
      Request starting HTTP/1.1 GET http://localhost/test/enum-error - - -
info: Microsoft.AspNetCore.Routing.EndpointMiddleware[0]
      Executing endpoint 'ManagedCode.Communication.Tests.Common.TestApp.Controllers.TestController.GetEnumError (ManagedCode.Communication.Tests)'
info: Microsoft.AspNetCore.Mvc.Infrastructure.ControllerActionInvoker[102]
      Route matched with {action = "GetEnumError", controller = "Test"}. Executing controller action with signature ManagedCode.Communication.Result`1[System.String] GetEnumError() on controller ManagedCode.Communication.Tests.Common.TestApp.Controllers.TestController (ManagedCode.Communication.Tests).
info: Microsoft.AspNetCore.Mvc.Infrastructure.ObjectResultExecutor[1]
      Executing ObjectResult, writing value of type 'ManagedCode.Communication.Result`1[[System.String, System.Private.CoreLib, Version=9.0.0.0, Culture=neutral, PublicKeyToken=7cec85d7bea7798e]]'.
info: Microsoft.AspNetCore.Mvc.Infrastructure.ControllerActionInvoker[105]
      Executed action ManagedCode.Communication.Tests.Common.TestApp.Controllers.TestController.GetEnumError (ManagedCode.Communication.Tests) in 0.8662ms
info: Microsoft.AspNetCore.Routing.EndpointMiddleware[1]
      Executed endpoint 'ManagedCode.Communication.Tests.Common.TestApp.Controllers.TestController.GetEnumError (ManagedCode.Communication.Tests)'
info: Microsoft.AspNetCore.Hosting.Diagnostics[2]
      Request finished HTTP/1.1 GET http://localhost/test/enum-error - 400 - application/json;+charset=utf-8 1.6213ms
[xUnit.net 00:00:02.02]   Finished:    ManagedCode.Communication.Tests
</StdOut>
    </Output>
  </ResultSummary>
</TestRun>